[themesbrand.com/chatvia-tailwind/layouts/index.html]
[backblue.gif]
[fade.gif]
[index.html]
[themesbrand.com/chatvia-tailwind/layouts/assets/images/favicon.ico]
[themesbrand.com/chatvia-tailwind/layouts/assets/images/avatar-1.jpg]
[themesbrand.com/chatvia-tailwind/layouts/auth-lock-screen.html]
[themesbrand.com/chatvia-tailwind/layouts/auth-login.html]
[themesbrand.com/chatvia-tailwind/layouts/assets/images/avatar-2.jpg]
[themesbrand.com/chatvia-tailwind/layouts/assets/images/avatar-4.jpg]
[themesbrand.com/chatvia-tailwind/layouts/assets/images/avatar-5.jpg]
[themesbrand.com/chatvia-tailwind/layouts/assets/images/avatar-6.jpg]
[themesbrand.com/chatvia-tailwind/layouts/assets/images/avatar-3.jpg]
[themesbrand.com/chatvia-tailwind/layouts/assets/css/tailwind2.css]
[themesbrand.com/chatvia-tailwind/layouts/assets/images/avatar-7.jpg]
[themesbrand.com/chatvia-tailwind/layouts/assets/images/avatar-8.jpg]
[themesbrand.com/chatvia-tailwind/layouts/assets/images/small/img-1.jpg]
[themesbrand.com/chatvia-tailwind/layouts/assets/images/img-1.jpg]
[themesbrand.com/chatvia-tailwind/layouts/assets/images/small/img-2.jpg]
[themesbrand.com/chatvia-tailwind/layouts/assets/images/img-2.jpg]
[themesbrand.com/chatvia-tailwind/layouts/assets/images/small/admin_v1.0.zip]
[themesbrand.com/chatvia-tailwind/layouts/assets/libs/jquery/jquery.min.js]
[themesbrand.com/chatvia-tailwind/layouts/assets/libs/@popperjs/core/umd/popper.min.js]
[themesbrand.com/chatvia-tailwind/layouts/assets/libs/simplebar/simplebar.min.js]
[themesbrand.com/chatvia-tailwind/layouts/assets/libs/owl.carousel/owl.carousel.min.js]
[themesbrand.com/chatvia-tailwind/layouts/assets/libs/magnific-popup/jquery.magnific-popup.min.js]
[themesbrand.com/chatvia-tailwind/layouts/assets/js/pages/index.init.js]
[themesbrand.com/chatvia-tailwind/layouts/assets/js/pages/profile.init.js]
[themesbrand.com/chatvia-tailwind/layouts/index.html]
[themesbrand.com/chatvia-tailwind/layouts/assets/js/app.js]
[themesbrand.com/chatvia-tailwind/layouts/assets/images/owl.video.play.png]
[themesbrand.com/chatvia-tailwind/layouts/assets/css/fa-brands-400.woff2]
[themesbrand.com/chatvia-tailwind/layouts/assets/css/fa-brands-400.ttf]
[themesbrand.com/chatvia-tailwind/layouts/assets/css/fa-regular-400.woff2]
[themesbrand.com/chatvia-tailwind/layouts/assets/css/fa-regular-400.ttf]
[themesbrand.com/chatvia-tailwind/layouts/assets/css/fa-solid-900.woff2]
[themesbrand.com/chatvia-tailwind/layouts/assets/css/fa-solid-900.ttf]
[themesbrand.com/chatvia-tailwind/layouts/assets/css/materialdesignicons-webfont3ba9.eot]
[themesbrand.com/chatvia-tailwind/layouts/assets/css/materialdesignicons-webfontd41d.eot]
[themesbrand.com/chatvia-tailwind/layouts/assets/css/materialdesignicons-webfont3ba9.woff2]
[themesbrand.com/chatvia-tailwind/layouts/assets/css/materialdesignicons-webfont3ba9.woff]
[themesbrand.com/chatvia-tailwind/layouts/assets/css/materialdesignicons-webfont3ba9.ttf]
[themesbrand.com/chatvia-tailwind/layouts/assets/css/remixicondf6d.eot]
[themesbrand.com/chatvia-tailwind/layouts/assets/css/remixicondf6d.woff2]
[themesbrand.com/chatvia-tailwind/layouts/assets/css/remixicondf6d.woff]
[themesbrand.com/chatvia-tailwind/layouts/assets/css/remixicondf6d.ttf]
[themesbrand.com/chatvia-tailwind/layouts/assets/css/tailwind2.css]
[themesbrand.com/chatvia-tailwind/layouts/assets/images/logo.svg]
[themesbrand.com/chatvia-tailwind/layouts/assets/images/logo-dark.png]
[themesbrand.com/chatvia-tailwind/layouts/assets/images/logo-light.png]
[themesbrand.com/chatvia-tailwind/layouts/auth-lock-screen.html]
[themesbrand.com/chatvia-tailwind/layouts/auth-recoverpw.html]
[themesbrand.com/chatvia-tailwind/layouts/auth-register.html]
[themesbrand.com/chatvia-tailwind/layouts/auth-login.html]
[themesbrand.com/chatvia-tailwind/layouts/assets/images/remixicondf6d.svg]
[themesbrand.com/chatvia-tailwind/layouts/auth-recoverpw.html]
[themesbrand.com/chatvia-tailwind/layouts/auth-register.html]
